2026-08-17T09:31:55-04:00 [START] synvox-smoke -> Test-SynVoxSmoke.ps1 args=[]
2026-08-17 09:31:55 [INFO] ====================================================
2026-08-17 09:31:55 [INFO]   SynVox FREE smoke gate (host lane, no Docker, no API key)
2026-08-17 09:31:55 [INFO]   Machine: POWERSPEC   User: POWERSPEC$
2026-08-17 09:31:55 [INFO]   Master log: C:\APPS\SynVox\logs\synvox_smoke_20260817_093155.log
2026-08-17 09:31:55 [INFO] ====================================================
2026-08-17 09:31:55 [INFO] Survey tasks discovered: example-survey_product-feedback, survey_annual-checkup-habits, survey_price-sensitivity-hasbro-gaming-candy-land
2026-08-17 09:31:55 [INFO] SMOKE START : example-survey_product-feedback (personas=3)
2026-08-17 09:31:58 [INFO]     Smoke: ok
2026-08-17 09:31:58 [INFO]     Task: application\tasks\example-survey_product-feedback
2026-08-17 09:31:58 [INFO]     App: survey
2026-08-17 09:31:58 [INFO]     Runtime: host json_survey / persona-json-survey
2026-08-17 09:31:58 [INFO]     Mode: fake · personas 3 · calls 3 · cost $0
2026-08-17 09:31:58 [INFO]     Notes:
2026-08-17 09:31:58 [INFO]       - Host Survey smoke — no Docker, no provider calls.
2026-08-17 09:31:58 [INFO]       - Answers are synthetic (fake client), not persona-faithful.
2026-08-17 09:31:58 [INFO]       - Temp dir C:\WINDOWS\TEMP\matraix-smoke-rarhcjnp
2026-08-17 09:31:58 [INFO]       - Temp artifacts removed after successful smoke.
2026-08-17 09:31:58 [INFO]       - Resolved auto profile: json_survey / persona-json-survey · logical calls=3 · cost $0
2026-08-17 09:31:58 [OK  ] SMOKE PASS  : example-survey_product-feedback
2026-08-17 09:31:58 [INFO] SMOKE START : survey_annual-checkup-habits (personas=3)
2026-08-17 09:31:59 [INFO]     Smoke: ok
2026-08-17 09:31:59 [INFO]     Task: application\tasks\survey_annual-checkup-habits
2026-08-17 09:31:59 [INFO]     App: survey
2026-08-17 09:31:59 [INFO]     Runtime: host json_survey / persona-json-survey
2026-08-17 09:31:59 [INFO]     Mode: fake · personas 3 · calls 3 · cost $0
2026-08-17 09:31:59 [INFO]     Notes:
2026-08-17 09:31:59 [INFO]       - Host Survey smoke — no Docker, no provider calls.
2026-08-17 09:31:59 [INFO]       - Answers are synthetic (fake client), not persona-faithful.
2026-08-17 09:31:59 [INFO]       - Temp dir C:\WINDOWS\TEMP\matraix-smoke-37ypyfcx
2026-08-17 09:31:59 [INFO]       - Temp artifacts removed after successful smoke.
2026-08-17 09:31:59 [INFO]       - Resolved auto profile: json_survey / persona-json-survey · logical calls=3 · cost $0
2026-08-17 09:31:59 [OK  ] SMOKE PASS  : survey_annual-checkup-habits
2026-08-17 09:31:59 [INFO] SMOKE START : survey_price-sensitivity-hasbro-gaming-candy-land (personas=3)
2026-08-17 09:31:59 [INFO]     Smoke: ok
2026-08-17 09:31:59 [INFO]     Task: application\tasks\survey_price-sensitivity-hasbro-gaming-candy-land
2026-08-17 09:31:59 [INFO]     App: survey
2026-08-17 09:31:59 [INFO]     Runtime: host json_survey / persona-json-survey
2026-08-17 09:31:59 [INFO]     Mode: fake · personas 3 · calls 3 · cost $0
2026-08-17 09:31:59 [INFO]     Notes:
2026-08-17 09:31:59 [INFO]       - Host Survey smoke — no Docker, no provider calls.
2026-08-17 09:31:59 [INFO]       - Answers are synthetic (fake client), not persona-faithful.
2026-08-17 09:31:59 [INFO]       - Temp dir C:\WINDOWS\TEMP\matraix-smoke-3mj11srg
2026-08-17 09:31:59 [INFO]       - Temp artifacts removed after successful smoke.
2026-08-17 09:31:59 [INFO]       - Resolved auto profile: json_survey / persona-json-survey · logical calls=3 · cost $0
2026-08-17 09:31:59 [OK  ] SMOKE PASS  : survey_price-sensitivity-hasbro-gaming-candy-land
2026-08-17 09:31:59 [INFO] ===================== SUMMARY =====================
2026-08-17 09:31:59 [INFO] Survey smoke: 3 passed, 0 failed, of 3 task(s)
2026-08-17 09:31:59 [INFO] Cost: $0 - fake client, no provider calls, no Docker.
2026-08-17 09:31:59 [INFO] Answers are synthetic and NOT persona-faithful. This proves the harness, not the market.
2026-08-17 09:31:59 [INFO] Docker is still needed for the Harbor stack smoke and web/os-app tasks.
2026-08-17 09:31:59 [INFO] Master log: C:\APPS\SynVox\logs\synvox_smoke_20260817_093155.log
2026-08-17 09:31:59 [INFO] ====================================================
